{
  "openapi" : "3.1.0",
  "info" : {
    "title" : "Open API Specification",
    "description" : "test",
    "version" : "1.0.0"
  },
  "paths" : {
    "/v5/respondsWithEnum" : {
      "get" : {
        "responses" : {
          "200" : {
            "description" : "",
            "content" : {
              "application/json" : {
                "schema" : {
                  "type" : "string",
                  "enum" : [ "ENTRY1", "ENTRY2", "ENTRY3" ]
                }
              }
            }
          }
        }
      }
    }
  },
  "components" : {
    "schemas" : { }
  }
}