{
  "openapi" : "3.1.0",
  "info" : {
    "title" : "Open API Specification",
    "description" : "test",
    "version" : "1.0.0"
  },
  "paths" : {
    "/v1/order" : {
      "get" : {
        "parameters" : [ {
          "name" : "Content-Type",
          "in" : "header",
          "required" : false,
          "schema" : {
            "type" : "string"
          }
        }, {
          "name" : "param_part1_my_header_param",
          "in" : "header",
          "required" : false,
          "schema" : {
            "type" : "string"
          }
        } ]
      }
    },
    "/v1/order1" : {
      "get" : {
        "parameters" : [ {
          "name" : "Manually-Added-Header",
          "in" : "header",
          "required" : false,
          "schema" : {
            "type" : "string"
          }
        }, {
          "name" : "param_part1_my_header_param",
          "in" : "header",
          "required" : false,
          "schema" : {
            "type" : "string"
          }
        } ]
      }
    }
  },
  "components" : {
    "schemas" : { }
  }
}
