{
  "openapi" : "3.1.0",
  "info" : {
    "title" : "Open API Specification",
    "description" : "test",
    "version" : "1.0.0"
  },
  "paths" : {
    "/v3/postBodyRequestSimple" : {
      "post" : {
        "requestBody" : {
          "required" : true,
          "content" : {
            "application/json" : {
              "schema" : {
                "$ref" : "#/components/schemas/sources.LocalSampleRequest"
              }
            }
          }
        }
      }
    }
  },
  "components" : {
    "schemas" : {
      "sources.LocalSampleRequest" : {
        "type" : "object",
        "properties" : {
          "abstractField1" : {
            "type" : "string"
          },
          "abstractField2" : {
            "type" : "integer"
          },
          "concreteField" : {
            "type" : "string"
          }
        },
        "required" : [ "concreteField", "abstractField1", "abstractField2" ]
      }
    },
    "securitySchemes" : { }
  },
  "security" : [ ]
}