{
  "openapi" : "3.1.0",
  "info" : {
    "title" : "Open API Specification",
    "description" : "test",
    "version" : "1.0.0"
  },
  "paths" : {
    "/v3/postGenericRequest" : {
      "post" : {
        "requestBody" : {
          "required" : true,
          "content" : {
            "application/json" : {
              "schema" : {
                "$ref" : "#/components/schemas/sources.MyGenericRequest"
              }
            }
          }
        }
      }
    }
  },
  "components" : {
    "schemas" : {
      "sources.MyGenericRequest" : {
        "type" : "object",
        "properties" : {
          "generic" : {
            "$ref" : "#/components/schemas/sources.MyGenericType_Of_Int"
          }
        },
        "required" : [ "generic" ]
      },
      "sources.MyGenericType_Of_Int" : {
        "type" : "object",
        "properties" : {
          "other" : {
            "type" : "string"
          },
          "status" : {
            "type" : "integer"
          }
        },
        "required" : [ "status", "other" ]
      }
    }
  }
}