{
  "openapi" : "3.1.0",
  "info" : {
    "title" : "Open API Specification",
    "description" : "test",
    "version" : "1.0.0"
  },
  "paths" : {
    "/articles" : {
      "get" : {
        "parameters" : [ {
          "name" : "sort",
          "in" : "query",
          "required" : false,
          "schema" : {
            "type" : "string"
          }
        } ]
      },
      "post" : {
        "parameters" : [ {
          "name" : "sort",
          "in" : "query",
          "required" : false,
          "schema" : {
            "type" : "string"
          }
        } ]
      }
    },
    "/articles/new" : {
      "get" : { }
    },
    "/articles/{id}" : {
      "get" : {
        "parameters" : [ {
          "name" : "id",
          "in" : "path",
          "required" : true,
          "schema" : {
            "type" : "string"
          }
        } ]
      },
      "put" : {
        "parameters" : [ {
          "name" : "id",
          "in" : "path",
          "required" : true,
          "schema" : {
            "type" : "string"
          }
        } ]
      },
      "delete" : {
        "parameters" : [ {
          "name" : "id",
          "in" : "path",
          "required" : true,
          "schema" : {
            "type" : "string"
          }
        } ]
      }
    },
    "/articles/{id}/edit" : {
      "get" : {
        "parameters" : [ {
          "name" : "id",
          "in" : "path",
          "required" : true,
          "schema" : {
            "type" : "string"
          }
        } ]
      }
    }
  },
  "components" : {
    "schemas" : { }
  }
}
