{
  "openapi" : "3.1.0",
  "info" : {
    "title" : "Open API Specification",
    "description" : "test",
    "version" : "1.0.0"
  },
  "paths" : {
    "/articles" : {
      "get" : {
        "parameters" : [ {
          "name" : "sort",
          "in" : "query",
          "required" : false,
          "schema" : {
            "type" : "string"
          }
        } ]
      }
    },
    "/articles/new" : {
      "post" : { }
    },
    "/articles/new/{id}" : {
      "get" : {
        "parameters" : [ {
          "name" : "id",
          "in" : "path",
          "required" : true,
          "schema" : {
            "type" : "string"
          }
        } ]
      }
    },
    "/articles/remove" : {
      "post" : { }
    },
    "/noResources" : {
      "get" : { },
      "post" : {
        "requestBody" : {
          "required" : true,
          "content" : {
            "application/json" : {
              "schema" : {
                "$ref" : "#/components/schemas/sources.requests.SimpleRequest"
              }
            }
          }
        }
      }
    },
    "/regularPost" : {
      "post" : {
        "requestBody" : {
          "required" : true,
          "content" : {
            "application/json" : {
              "schema" : {
                "$ref" : "#/components/schemas/sources.requests.SimpleRequest"
              }
            }
          }
        }
      }
    }
  },
  "components" : {
    "schemas" : {
      "sources.requests.SimpleRequest" : {
        "type" : "object",
        "properties" : {
          "float" : {
            "type" : "number"
          },
          "integer" : {
            "type" : "integer"
          },
          "string" : {
            "type" : "string"
          }
        },
        "required" : [ "string", "integer", "float" ]
      }
    },
    "securitySchemes" : { }
  },
  "security" : [ ]
}