{
  "openapi" : "3.1.0",
  "info" : {
    "title" : "Open API Specification",
    "description" : "test",
    "version" : "1.0.0"
  },
  "paths" : {
    "/booleanResponseBody" : {
      "post" : {
        "responses" : {
          "200" : {
            "description" : "Success",
            "content" : {
              "application/json" : {
                "schema" : {
                  "type" : "boolean"
                }
              }
            }
          }
        }
      }
    }
  },
  "components" : {
    "schemas" : { }
  }
}
