{
  "openapi" : "3.1.0",
  "info" : {
    "title" : "Open API Specification",
    "description" : "test",
    "version" : "1.0.0"
  },
  "paths" : {
    "/v1/noResponseBody": {
      "post": {
        "responses": {
          "200": {
            "description": "Success"
          },
          "500": {
            "description": "Failure",
            "content": {
              "application/json": {
                "schema": {
                  "$ref": "#/components/schemas/sources.requests.PrivateBodyRequest"
                }
              }
            }
          }
        },
        "requestBody": {
          "required": true,
          "content": {
            "application/json": {
              "schema": {
                "$ref": "#/components/schemas/sources.requests.SimpleRequest"
              }
            }
          }
        }
      }
    },
    "/v1/implicitArgNames": {
      "post": {
        "responses": {
          "204": {
            "description": ""
          }
        },
        "requestBody": {
          "required": true,
          "content": {
            "application/json": {
              "schema": {
                "$ref": "#/components/schemas/sources.requests.SimpleRequest"
              }
            }
          }
        }
      }
    }
  },
  "components" : {
    "schemas" : {
      "sources.requests.PrivateBodyRequest" : {
        "type" : "object",
        "properties" : {
          "invisible" : {
            "type" : "string"
          },
          "transientFieldInvisible" : {
            "type" : "integer"
          },
          "visible" : {
            "type" : "boolean"
          }
        },
        "required" : [ "visible", "invisible", "transientFieldInvisible" ]
      },
      "sources.requests.SimpleRequest" : {
        "type" : "object",
        "properties" : {
          "float" : {
            "type" : "number"
          },
          "integer" : {
            "type" : "integer"
          },
          "string" : {
            "type" : "string"
          }
        },
        "required" : [ "string", "integer", "float" ]
      }
    }
  }
}
