{
  "openapi" : "3.1.0",
  "info" : {
    "title" : "Open API Specification",
    "description" : "test",
    "version" : "1.0.0"
  },
  "paths" : {
    "/root/expressBody" : {
      "get" : { }
    },
    "/root/blockBodyWithReturn" : {
      "get" : { }
    },
    "/root/noReturnType/returnGet" : {
      "get" : { }
    }
  },
  "components" : {
    "schemas" : { },
    "securitySchemes" : { }
  },
  "security" : [ ]
}
