{
  "openapi" : "3.1.0",
  "info" : {
    "title" : "Open API Specification",
    "description" : "test",
    "version" : "1.0.0"
  },
  "paths" : {
    "/v1/v2/sub_l1_get" : {
      "get" : {
        "tags" : [ "MainModule", "Tag1", "Tag3" ]
      }
    },
    "/v1" : {
      "get" : {
        "tags" : [ "MainModule", "Tag1", "Tag4" ]
      }
    }
  },
  "components" : {
    "schemas" : { },
    "securitySchemes" : { }
  },
  "security" : [ ]
}